[compology.com/index.html]
[backblue.gif]
[fade.gif]
[index.html]
[compology.com/wp-includes/css/dist/block-library/style.min6a4d.css]
[compology.com/wp-content/themes/compology/stylec17c.css]
[compology.com/wp-content/plugins/google-analytics-dashboard-for-wp/assets/js/frontend-gtag.min1ee8.js]
[compology.com/wp-content/themes/compology/js/jquery-3.4.1.min5589.js]
[compology.com/wp-json/wp/v2/pages/66406.json]
[compology.com/wp-json/index.html]
[compology.com/wp-json/oembed/1.0/embed80df.json]
[compology.com/wp-json/oembed/1.0/embed0fbe]
[compology.com/wp-content/uploads/2020/04/cropped-Compology_Symbol_Primary-32x32.png]
[compology.com/wp-content/uploads/2020/04/cropped-Compology_Symbol_Primary-192x192.png]
[compology.com/wp-content/uploads/2020/04/cropped-Compology_Symbol_Primary-180x180.png]
[compology.com/customer-stories.html]
[compology.com/wp-content/uploads/2021/06/Home-Page_Poster-Image_Final-1920x1080.jpg]
[compology.com/industries/retail-and-corporate/index.html]
[compology.com/industries/waste-and-recycling/index.html]
[compology.com/industries/brokers-and-facilities-services/index.html]
[compology.com/wp-content/uploads/2021/06/Dumpster-Monitoring_Final_small.jpg]
[compology.com/wp-content/uploads/2020/04/Customer-Logo-Waste-Management-22333C.png]
[compology.com/industries/government/index.html]
[compology.com/industries/scrap-metal-haulers/index.html]
[compology.com/wp-content/uploads/2020/04/Customer-Logo-Waste-Management.png]
[compology.com/industries/cd-and-industrial-haulers/index.html]
[compology.com/wp-content/uploads/2021/03/Customer-Logo-Burger-King_navy.png]
[compology.com/solutions/automated-rightsizing/index.html]
[compology.com/solutions/sustainability/index.html]
[compology.com/industries/commercial-recycling-haulers/index.html]
[compology.com/industries/trucking/index.html]
[compology.com/wp-content/uploads/2021/03/Customer-Logo-Burger-King.png]
[compology.com/solutions/contamination-reduction/index.html]
[compology.com/solutions/asset-management/index.html]
[compology.com/solutions/haul-management/index.html]
[compology.com/wp-content/uploads/2020/04/Customer-Logo-Google-22333C.png]
[compology.com/products/trailer-monitoring/index.html]
[compology.com/solutions/billing-for-contamination/index.html]
[compology.com/products/partnerships-and-integrations/index.html]
[compology.com/wp-content/uploads/2020/04/Customer-Logo-Google.png]
[compology.com/wp-content/uploads/2020/04/Customer-Logo-ADT-22333C.png]
[compology.com/about-us/our-company/index.html]
[compology.com/wp-content/uploads/2020/04/Customer-Logo-ADT.png]
[compology.com/careers/index.html]
[compology.com/blog/index.html]
[compology.com/press/index.html]
[compology.com/wp-content/uploads/2020/09/RealPage_Logo_Base-1.png]
[compology.com/wp-content/uploads/2020/09/RealPage_Logo-2.png]
[compology.com/wp-content/uploads/2021/05/JLL_Logo_dark.png]
[compology.com/wp-content/uploads/2021/05/JLL_Logo_white-1.png]
[compology.com/wp-content/uploads/2021/05/SkyBitz_Logo_dark.png]
[compology.com/wp-content/uploads/2021/05/SkyBitz_Logo_white.png]
[compology.com/wp-content/uploads/2021/06/Screen-Shot-2021-06-04-at-1.51.07-PM-1920x1044.png]
[compology.com/wp-content/uploads/2021/05/Screen-Shot-2021-03-11-at-3.37.55-PM.png]
[compology.com/wp-content/uploads/2020/04/Compology_ADT-Teaser-16x9-200324-1920x1080.jpg]
[compology.com/blog/hear-it-from-apple-we-were-overestimating-waste/index.html]
[compology.com/wp-content/uploads/2021/10/Axios_Retail_white-1.png]
[compology.com/wp-content/uploads/2021/10/Axios_Retail_dark-1.png]
[compology.com/live-on-cnn-why-mcdonalds-restaurants-are-putting-cameras-in-their-dumpsters/index.html]
[compology.com/wp-content/uploads/2021/10/Wall-Street-Journal_Retail_white.png]
[compology.com/wp-content/uploads/2021/10/Wall-Street-Journal_Retail_dark.png]
[compology.com/wp-content/uploads/2021/10/CNN_Retail_white.png]
[compology.com/wp-content/uploads/2021/10/CNN_Retail_dark.png]
[compology.com/wp-content/uploads/2021/10/Fast-Company_Retail_white.png]
[compology.com/wp-content/uploads/2021/10/Fast-Company_Retail_dark.png]
[compology.com/wp-content/uploads/2021/10/Tech-Crunch_Retail_white.png]
[compology.com/wp-content/uploads/2021/10/Tech-Crunch_Retail_dark.png]
[compology.com/wp-content/uploads/2020/04/Fullness-65_Mobile.png]
[compology.com/wp-content/uploads/2020/04/Contamination-4_Mobile.png]
[compology.com/wp-content/uploads/2020/04/Location-4_Mobile.png]
[compology.com/wp-content/uploads/2020/05/Activity-3a-3.png]
[compology.com/wp-content/uploads/2020/04/FCLA-Fullness-0_.png]
[compology.com/wp-content/uploads/2020/04/FCLA-Fullness-25_.png]
[compology.com/wp-content/uploads/2020/04/FCLA-Fullness-50_.png]
[compology.com/wp-content/uploads/2020/04/FCLA-Fullness-65_.png]
[compology.com/wp-content/uploads/2020/04/FCLA-Contamination-1.png]
[compology.com/wp-content/uploads/2020/04/FCLA-Contamination-2.png]
[compology.com/wp-content/uploads/2020/04/FCLA-Contamination-3.png]
[compology.com/wp-content/uploads/2020/04/FCLA-Contamination-4.png]
[compology.com/wp-content/uploads/2020/04/FCLA-Location-1.png]
[compology.com/wp-content/uploads/2020/04/FCLA-Location-2.png]
[compology.com/wp-content/uploads/2020/04/FCLA-Location-3.png]
[compology.com/wp-content/uploads/2020/04/FCLA-Location-4.png]
[compology.com/wp-content/uploads/2020/05/Activity-1a-1.png]
[compology.com/wp-content/uploads/2020/05/Activity-2a-1.png]
[compology.com/wp-content/uploads/2020/05/Activity-3a-2.png]
[compology.com/wp-content/uploads/2021/05/Dumpster-Monitoring_r2.jpg]
[compology.com/products/waste-metering/index.html]
[compology.com/wp-content/uploads/2021/05/Dumpster-Monitoring_r2-540x540.jpg]
[compology.com/wp-content/uploads/2020/05/TrailerMonitoring_New-3.png]
[compology.com/wp-content/uploads/2020/05/TrailerMonitoring_New-3-540x540.png]
[compology.com/wp-content/uploads/2020/05/API_Hero-1-1920x1080.png]
[compology.com/wp-content/uploads/2020/05/API_Hero-1-960x540.png]
[compology.com/industries/waste-and-recycling.html]
[compology.com/index.html]
[compology.com/wp-content/themes/compology/js/compiled-scriptsd5f7.js]
[compology.com/wp-content/themes/compology/images/favicon.html]
[compology.com/xmlrpc.php]
[compology.com/wp-includes/css/dist/block-library/style.min6a4d.css]
[compology.com/wp-includes/css/classic-themes.min68b3.css]
[compology.com/about-us/careers/index.html]
[compology.com/customer-stories/index.html]
[compology.com/privacy-notice/index.html]
[compology.com/wp-content/themes/compology/fonts/alright-sans/alright-sans-normal-regular.woff2]
[compology.com/wp-content/themes/compology/fonts/alright-sans/alright-sans-normal-regular.woff]
[compology.com/wp-content/themes/compology/fonts/alright-sans/alright-sans-normal-italic.woff2]
[compology.com/wp-content/themes/compology/fonts/alright-sans/alright-sans-normal-italic.woff]
[compology.com/wp-content/themes/compology/fonts/alright-sans/alright-sans-normal-bold.woff2]
[compology.com/wp-content/themes/compology/fonts/alright-sans/alright-sans-normal-bold.woff]
[compology.com/wp-content/themes/compology/images/pattern.svg]
[compology.com/wp-content/themes/compology/stylec17c.css]
[compology.com/wp-content/uploads/2020/04/down-arrow.png]
[compology.com/wp-json/wp/v2/pages/69453.json]
[compology.com/wp-json/oembed/1.0/embed52fa.json]
[compology.com/customer-stories.html]
[compology.com/wp-json/oembed/1.0/embed80c6]
[compology.com/wp-content/uploads/2020/04/GoodbyeLidFlipping-1024x683.png]
[compology.com/wp-json/wp/v2/pages/69358.json]
[compology.com/wp-json/oembed/1.0/embed21c6.json]
[compology.com/wp-json/oembed/1.0/embedfd5d]
[compology.com/industries/waste-and-recycling/index.html]
[compology.com/wp-content/uploads/2021/04/GTSCompologyAAAA0533_v4.jpg]
[compology.com/industries/retail-and-corporate.html]
[compology.com/sustainability/index.html]
[compology.com/wp-json/wp/v2/pages/69596.json]
[compology.com/wp-json/oembed/1.0/embed64e7.json]
[compology.com/wp-json/oembed/1.0/embedef1d]
[compology.com/wp-content/uploads/2020/04/RetailCorporate_HERO-3840x2160.png]
[compology.com/industries/retail-and-corporate/index.html]
[compology.com/wp-content/uploads/2020/04/T1_industries_brokers_facilities_image_2380X1587-1024x683.png]
[compology.com/wp-content/uploads/2020/03/check-mark.svg]
[compology.com/wp-json/wp/v2/pages/69556.json]
[compology.com/wp-json/oembed/1.0/embed0e21.json]
[compology.com/wp-json/oembed/1.0/embed75e8]
[compology.com/wp-content/uploads/2020/04/Brokers_Hero-1-3840x2160.png]
[compology.com/wp-content/uploads/2021/11/NMWS_white_Customer-Quote-1.png]
[compology.com/wp-content/uploads/2021/11/Global-Trash-Solutions_white_Customer-Quote-1.png]
[compology.com/wp-content/uploads/2021/11/Waste-Consultants_white_Customer-Quote-3.png]
[compology.com/wp-content/uploads/2021/11/Smart-Waste-USA_white_Customer-Quote-2.png]
[compology.com/wp-content/uploads/2021/11/Waste-Not-Consulting_white_Customer-Quote.png]
[compology.com/wp-content/uploads/2021/11/Waste-Logic_white_Customer-Quote.png]
[compology.com/wp-content/uploads/2021/11/Zters_white_Customer-Quote-2.png]
[compology.com/industries/brokers-and-facilities-services/index.html]
[compology.com/wp-content/uploads/2020/04/T1_industries_government_image_2380X1587-1024x683.png]
[compology.com/wp-json/wp/v2/pages/69609.json]
[compology.com/wp-json/oembed/1.0/embed7e23.json]
[compology.com/wp-json/oembed/1.0/embed44e8]
[compology.com/wp-content/uploads/2021/06/GTSCompologyAAAA0760_Final_small.jpg]
[compology.com/industries/government/index.html]
[compology.com/solutions/sustainability.html]
[compology.com/industries/multifamily/index.html]
[compology.com/blog/video-compology-waste-metering-overview/index.html]
[compology.com/blog/video-how-waste-metering-powers-environmental-and-financial-responsibility/index.html]
[compology.com/wp-content/uploads/2020/04/IndustriesScrap.png]
[compology.com/live-on-abc-miami-dumpster-cameras-may-be-the-key-to-cleaning-up-miamis-trash-trouble/index.html]
[compology.com/wp-json/wp/v2/pages/69603.json]
[compology.com/wp-json/oembed/1.0/embedf231.json]
[compology.com/wp-json/oembed/1.0/embedeec0]
[compology.com/wp-content/uploads/2020/04/Scrap_HERO-3840x2160.png]
[compology.com/industries/scrap-metal-haulers/index.html]
[compology.com/wp-content/uploads/2020/04/T1_industries_construction_demolition_image_2380X1587-1024x683.png]
[compology.com/wp-json/wp/v2/pages/69566.json]
[compology.com/wp-json/oembed/1.0/embed6ea0.json]
[compology.com/wp-json/oembed/1.0/embedb17f]
[compology.com/wp-content/uploads/2020/04/CD_Hero-3840x2160.png]
[compology.com/industries/cd-and-industrial-haulers/index.html]
[compology.com/wp-content/uploads/2020/04/T1_industries_commercial_haulers_image_2380X1587-1024x683.png]
[compology.com/wp-json/wp/v2/pages/69571.json]
[compology.com/wp-json/oembed/1.0/embedfe16.json]
[compology.com/wp-json/oembed/1.0/embedda1f]
[compology.com/wp-content/uploads/2020/04/CommercialHauler_Hero-1-3840x2160.png]
[compology.com/industries/commercial-recycling-haulers/index.html]
[compology.com/wp-content/uploads/2020/05/616-x-973-freight-hauler.jpg]
[compology.com/wp-json/wp/v2/pages/69377.json]
[compology.com/wp-json/oembed/1.0/embed2835.json]
[compology.com/wp-json/oembed/1.0/embed98e1]
[compology.com/wp-content/uploads/2020/10/Trucking_Hero_Final_2020.png]
[compology.com/industries/trucking/index.html]
[compology.com/products/trailer-monitoring.html]
[compology.com/wp-json/wp/v2/pages/69625.json]
[compology.com/wp-json/oembed/1.0/embed4f4a.json]
[compology.com/wp-json/oembed/1.0/embed5973]
[compology.com/sustainability]
[compology.com/solutions/automated-rightsizing/index.html]
[compology.com/wp-json/wp/v2/pages/69439.json]
[compology.com/wp-json/oembed/1.0/embeda496.json]
[compology.com/wp-json/oembed/1.0/embed28cb]
[compology.com/solutions/sustainability/index.html]
[compology.com/wp-json/wp/v2/pages/69630.json]
[compology.com/wp-json/oembed/1.0/embeda600.json]
[compology.com/wp-json/oembed/1.0/embed6090]
[compology.com/solutions/contamination-reduction/index.html]
[compology.com/industries/state-and-local-government/index.html]
[compology.com/industries/government.html]
[compology.com/buzz-buzz-contamination-has-been-identified-in-your-recycling-dumpster/index.html]
[compology.com/wp-json/wp/v2/pages/69614.json]
[compology.com/wp-json/oembed/1.0/embede173.json]
[compology.com/wp-json/oembed/1.0/embed3288]
[compology.com/solutions/haul-management/index.html]
[compology.com/wp-json/wp/v2/pages/69620.json]
[compology.com/wp-json/oembed/1.0/embedbdfe.json]
[compology.com/wp-json/oembed/1.0/embed6c7e]
[compology.com/solutions/asset-management/index.html]
[compology.com/wp-json/wp/v2/pages/69636.json]
[compology.com/wp-json/oembed/1.0/embed9104.json]
[compology.com/wp-json/oembed/1.0/embed84ef]
[compology.com/solutions/billing-for-contamination/index.html]
[compology.com/products/dumpster-monitoring/index.html]
[compology.com/wp-json/wp/v2/pages/69693.json]
[compology.com/wp-json/oembed/1.0/embed90d8.json]
[compology.com/wp-json/oembed/1.0/embedb4e0]
[compology.com/wp-content/uploads/2020/05/Trucking_HeroMobile.png]
[compology.com/wp-content/uploads/2020/04/FFLA-Fullness-0_.png]
[compology.com/wp-content/uploads/2020/04/FFLA-Fullness-40_.png]
[compology.com/wp-content/uploads/2020/04/FFLA-Fullness-55_.png]
[compology.com/wp-content/uploads/2020/04/FFLA-Fullness-95_.png]
[compology.com/wp-content/uploads/2020/04/FFLA-Floorspace-100_.png]
[compology.com/wp-content/uploads/2020/04/FFLA-Floorspace-60_.png]
[compology.com/wp-content/uploads/2020/04/FFLA-Floorspace-40_.png]
[compology.com/wp-content/uploads/2020/04/FFLA-Floorspace-0_.png]
[compology.com/wp-content/uploads/2020/04/FFLA-Location-1.png]
[compology.com/wp-content/uploads/2020/04/FFLA-Location-2.png]
[compology.com/wp-content/uploads/2020/04/FFLA-Location-3.png]
[compology.com/wp-content/uploads/2020/04/FFLA-Location-4.png]
[compology.com/wp-content/uploads/2020/05/Activity-1a-T.png]
[compology.com/wp-content/uploads/2020/05/Activity-2a-T.png]
[compology.com/wp-content/uploads/2020/05/Activity-3a-T.png]
[compology.com/products/trailer-monitoring/index.html]
[compology.com/wp-json/wp/v2/pages/69715.json]
[compology.com/wp-json/oembed/1.0/embed9cfb.json]
[compology.com/wp-json/oembed/1.0/embed3ede]
[compology.com/wp-content/uploads/2020/05/API_Hero-1.png]
[compology.com/wp-content/uploads/2020/05/API_HeroMobile.png]
[compology.com/products/partnerships-and-integrations/index.html]
[compology.com/wp-json/wp/v2/pages/69543.json]
[compology.com/wp-json/oembed/1.0/embedfed0.json]
[compology.com/wp-json/oembed/1.0/embedec98]
[compology.com/wp-content/uploads/2020/04/2012-1.png]
[compology.com/wp-content/uploads/2020/04/2013-1.png]
[compology.com/wp-content/uploads/2020/04/2014-1.png]
[compology.com/wp-content/uploads/2020/04/2015.png]
[compology.com/wp-content/uploads/2020/04/2016.png]
[compology.com/wp-content/uploads/2020/04/2017.png]
[compology.com/wp-content/uploads/2020/04/2018.png]
[compology.com/wp-content/uploads/2020/04/2019.png]
[compology.com/wp-content/uploads/2020/04/2020-3.png]
[compology.com/wp-content/uploads/2021/06/About-Us-Page_History_2021_Final_v3.jpg]
[compology.com/about-us/our-company/index.html]
[compology.com/compology-and-esg/index.html]
[compology.com/about-us/leadership/index.html]
[compology.com/b-corp/index.html]
[compology.com/careers.html]
[compology.com/wp-json/wp/v2/pages/69724.json]
[compology.com/wp-json/oembed/1.0/embed4862.json]
[compology.com/wp-json/oembed/1.0/embedc7d3]
[compology.com/wp-content/uploads/2021/12/Take-a-peek-inside_1_web-1726x1080.jpg]
[compology.com/wp-content/uploads/2021/12/Take-a-peek-inside_1_web-1-863x540.jpg]
[compology.com/wp-content/uploads/2021/12/Take-a-peek-inside_2_web-1772x1080.jpg]
[compology.com/wp-content/uploads/2021/12/Take-a-peek-inside_2_web-1-886x540.jpg]
[compology.com/wp-content/uploads/2021/12/Take-a-peek-inside_3-1735x1080.jpg]
[compology.com/wp-content/uploads/2021/12/Take-a-peek-inside_3-1-868x540.jpg]
[compology.com/wp-content/uploads/2021/12/Take-a-peek-inside_4_web-1763x1080.jpg]
[compology.com/wp-content/uploads/2021/12/Take-a-peek-inside_4_web-1-882x540.jpg]
[compology.com/careers/index.html]
[compology.com/wp-json/wp/v2/pages/68585.json]
[compology.com/wp-json/oembed/1.0/embede5e9.json]
[compology.com/wp-json/oembed/1.0/embed9f21]
[compology.com/press/new-market-waste-saves-clients-2M-with-compology]
[compology.com/press/press-releases/index.html]
[compology.com/press/articles/index.html]
[compology.com/press/podcasts/index.html]
[compology.com/press/videos/index.html]
[compology.com/press/fast-co-world-changing-idea-miami-compology.html]
[compology.com/press/index.html]
[compology.com/press/waste-monitoring-and-reduction.html]
[compology.com/blog/index.html]
[compology.com/press/fast-company-names-compology-to-its-list-of-the-worlds-most-innovative-companies/index.html]
[compology.com/press/improving-the-efficiency-of-waste-collection/index.html]
[compology.com/press/page/2/index.html]
[compology.com/press/page/3/index.html]
[compology.com/blog/big-data/index.html]
[compology.com/blog/remote-monitoring/index.html]
[compology.com/blog/business-transformation/index.html]
[compology.com/press/page/12/index.html]
[compology.com/blog/sustainability/index.html]
[compology.com/fortune-500-grainger-features-waste-metering-impact-in-2021-esg-report/index.html]
[compology.com/blog/recycling-and-contamination/index.html]
[compology.com/blog/waste-industry/index.html]
[compology.com/blog/trucking-industry/index.html]
[compology.com/wp-content/uploads/2021/01/blogheader-3.jpg]
[compology.com/blog/page/5/index.html]
[compology.com/blog/page/3/index.html]
[compology.com/wp-json/wp/v2/posts/70678.json]
[compology.com/wp-json/oembed/1.0/embed87eb.json]
[compology.com/wp-json/oembed/1.0/embedc5b3]
[compology.com/blog/hear-it-from-apple-we-were-overestimating-waste/index.html]
[compology.com/live-on-cnn-why-mcdonalds-restaurants-are-putting-cameras-in-their-dumpsters/index.html]
[compology.com/wp-json/wp/v2/pages/69400.json]
[compology.com/wp-json/oembed/1.0/embed47e0.json]
[compology.com/wp-json/oembed/1.0/embed3a1a]
[compology.com/wp-content/uploads/2020/05/Activity-1a.png]
[compology.com/wp-content/uploads/2020/05/Activity-2a.png]
[compology.com/wp-content/uploads/2020/05/Activity-3a.png]
[compology.com/products/waste-metering/index.html]
[compology.com/industries/waste-and-recycling.html]
[compology.com/customer-stories/index.html]
[compology.com/wp-json/wp/v2/pages/68746.json]
[compology.com/wp-json/oembed/1.0/embedc8c8.json]
[compology.com/about-us/careers/index.html]
[compology.com/wp-json/oembed/1.0/embed9c1b]
[compology.com/wp-json/wp/v2/pages/68661.json]
[compology.com/wp-json/oembed/1.0/embed168d.json]
[compology.com/privacy-notice/index.html]
[compology.com/wp-content/themes/compology/fonts/opensans/OpenSans-Regular-webfont.html]
[compology.com/wp-content/themes/compology/fonts/opensans/OpenSans-Regular-webfontd41d.html]
[compology.com/wp-content/themes/compology/fonts/opensans/OpenSans-Regular-webfont-2.html]
[compology.com/wp-content/themes/compology/fonts/opensans/OpenSans-Regular-webfont-3.html]
[compology.com/wp-content/themes/compology/fonts/opensans/OpenSans-Regular-webfont-4.html]
[compology.com/wp-content/themes/compology/images/pattern.svg]
[compology.com/customer-story/waste-metering-helps-mcdonalds-cut-costs-by-31-while-reducing-carbon-emissions/index.html]
[compology.com/customer-story/raytheon-technologies-uses-waste-metering-technology-to-achieve-2025-sustainability-goals/index.html]
[compology.com/customer-stories/how-adt-security-saves-53-on-waste-costs-annually-with-compology/index.html]
[compology.com/customer-story/global-trash-solutions-delivers-6-million-in-savings-to-qsr-restaurants-with-waste-metering/index.html]
[compology.com/customer-stories/new-market-waste-sees-1m-savings-thanks-to-compology/index.html]
[compology.com/customer-stories/how-compology-helped-sbwma-identify-90-of-containers-are-contaminated/index.html]
[compology.com/customer-stories/proler-saves-25-on-scrap-operations-using-remote-monitoring/index.html]
[compology.com/customer-story/how-trucking-company-ubcr-maximizes-efficiency-with-compology-to-enable-a-sustainable-supply-chain/index.html]
[compology.com/customer-stories/30-more-pickups-means-30-more-revenue-for-cd-hauler-forever-clean/index.html]
[compology.com/customer-stories/how-talismark-gained-a-95-customer-retention-rate-with-compology/index.html]
[compology.com/customer-stories/livermore-sanitation-sees-80-reduction-in-contamination/index.html]
[compology.com/customer-stories/how-waste-management-pacific-northwest-reduced-contamination-by-60-with-compology/index.html]
[compology.com/customer-stories/how-pssi-manages-inventory-and-streamlines-waste-operations-across-an-8000-acre-campus/index.html]
[compology.com/industries/retail-and-corporate.html]
[compology.com/sustainability/index.html]
[compology.com/wp-content/uploads/2020/03/check-mark.svg]
[compology.com/wp-json/oembed/1.0/embed5bef]
[compology.com/wp-content/uploads/2021/09/Solutions_Contamination-Reduction_Notifications_v1.jpg]
[compology.com/wp-json/wp/v2/posts/71315.json]
[compology.com/wp-json/oembed/1.0/embedddcb.json]
[compology.com/wp-json/oembed/1.0/embed16f6]
[compology.com/blog/video-how-waste-metering-powers-environmental-and-financial-responsibility/index.html]
[compology.com/wp-content/uploads/2021/03/Screen-Shot-2021-03-30-at-3.56.19-PM-1024x572.png]
[compology.com/wp-json/wp/v2/posts/70720.json]
[compology.com/wp-json/oembed/1.0/embedc082.json]
[compology.com/wp-json/oembed/1.0/embede78f]
[compology.com/wp-content/uploads/2021/03/Screen-Shot-2021-03-30-at-3.56.19-PM-1920x1072.png]
[compology.com/blog/video-compology-waste-metering-overview/index.html]
[compology.com/solutions/sustainability.html]
[compology.com/live-on-abc-miami-dumpster-cameras-may-be-the-key-to-cleaning-up-miamis-trash-trouble/index.html]
[compology.com/customer-story/how-waste-management-pacific-northwest-reduced-contamination-by-60-with-compology/index.html]
[compology.com/products/trailer-monitoring.html]
[compology.com/sustainability.html]
[compology.com/buzz-buzz-contamination-has-been-identified-in-your-recycling-dumpster/index.html]
[compology.com/industries/government.html]
[compology.com/careers.html]
[compology.com/press/press-releases/index.html]
[compology.com/wp-json/wp/v2/press_categories/1506.json]
[compology.com/blog/press/press-releases/page/2/index.html]
[compology.com/blog/press/press-releases/index.html]
[compology.com/press/jason-gates-ceo-and-cofounder-of-compology-briefs-congressional-recycling-caucus/index.html]
[compology.com/press/articles/index.html]
[compology.com/wp-json/wp/v2/press_categories/1507.json]
[compology.com/press/zters-and-latipac-leverage-compology-to-bring-sustainable-waste-management-to-texas/index.html]
[compology.com/press/compologys-reza-kashani-makes-waste360s-40-under-40-list/index.html]
[compology.com/press/goldman-sachs-names-jason-gates-to-its-list-of-100-most-intriguing-entrepreneurs/index.html]
[compology.com/press/city-of-miami-partners-with-compology-to-become-first-us-city-to-meter-waste/index.html]
[compology.com/press/press-releases/page/2/index.html]
[compology.com/wp-json/wp/v2/press_categories/1508.json]
[compology.com/press/videos/index.html]
[compology.com/blog/press/articles/index.html]
[compology.com/press/articles/page/2/index.html]
[compology.com/blog/press/articles/page/2/index.html]
[compology.com/press/articles/page/3/index.html]
[compology.com/wp-json/wp/v2/press_categories/1509.json]
[compology.com/press/podcasts/index.html]
[compology.com/press/new-market-waste-saves-clients-2M-with-compology.html]
[compology.com/press/articles/page/8/index.html]
[compology.com/press/videos/page/2/index.html]
[compology.com/press/rehabilitating-recycling-and-waste-management/index.html]
[compology.com/wp-json/wp/v2/press/71810.json]
[compology.com/wp-json/oembed/1.0/embed4586.json]
[compology.com/press/fast-co-world-changing-idea-miami-compology.html]
[compology.com/press/jason-gates-compology-ceo-and-cofounder-named-to-grist-50/index.html]
[compology.com/wp-json/oembed/1.0/embedff8f]
[compology.com/wp-content/uploads/2022/03/social-good.png]
[compology.com/wp-json/wp/v2/press/71767.json]
[compology.com/wp-json/oembed/1.0/embed9d8c.json]
[compology.com/press/fast-company-names-compology-to-its-list-of-the-worlds-most-innovative-companies/index.html]
[compology.com/wp-json/oembed/1.0/embed70b2]
[compology.com/wp-json/wp/v2/press/71733.json]
[compology.com/wp-json/oembed/1.0/embed630a.json]
[compology.com/press/improving-the-efficiency-of-waste-collection/index.html]
[compology.com/wp-json/oembed/1.0/embed8ecc]
[compology.com/wp-json/wp/v2/press/71644.json]
[compology.com/wp-json/oembed/1.0/embedf752.json]
[compology.com/press/waste-monitoring-and-reduction.html]
[compology.com/press/page/2/index.html]
[compology.com/press/page/3/index.html]
[compology.com/wp-json/oembed/1.0/embedf583]
[compology.com/press/page/12/index.html]
[compology.com/press/page/4/index.html]
[compology.com/press/page/1/index.html]
[compology.com/blog/page/2/index.html]
[compology.com/press/compology-named-to-b-corp-labs-best-for-the-world-list/index.html]
[compology.com/press/compology-announces-b-corp-certification/index.html]
[compology.com/press/page/5/index.html]
[compology.com/press/page/10/index.html]
[compology.com/blog/big-data/index.html]
[compology.com/wp-json/wp/v2/categories/1475.json]
[compology.com/press/page/11/index.html]
[compology.com/blog/remote-monitoring/index.html]
[compology.com/wp-json/wp/v2/categories/1492.json]
[compology.com/blog/big-data/page/2/index.html]
[compology.com/blog/remote-monitoring/page/2/index.html]
[compology.com/blog/remote-monitoring/page/3/index.html]
[compology.com/blog/business-transformation/index.html]
[compology.com/wp-json/wp/v2/categories/1493.json]
[compology.com/blog/remote-monitoring/page/4/index.html]
[compology.com/blog/sustainability/index.html]
[compology.com/wp-json/wp/v2/categories/1494.json]
[compology.com/blog/recycling-and-contamination/index.html]
[compology.com/wp-json/wp/v2/categories/1495.json]
[compology.com/blog/sustainability/page/2/index.html]
[compology.com/blog/waste-industry/index.html]
[compology.com/wp-json/wp/v2/categories/1496.json]
[compology.com/blog/recycling-and-contamination/page/2/index.html]
[compology.com/blog/recycling-and-contamination/page/3/index.html]
[compology.com/blog/trucking-industry/index.html]
[compology.com/blog/the-problem-with-waste-measurement/index.html]
[compology.com/blog/video-meet-compology-ceo-jason-gates/index.html]
[compology.com/blog/live-on-abc-miami-dumpster-cameras-may-be-the-key-to-cleaning-up-miamis-trash-trouble/index.html]
[compology.com/blog/how-technology-can-help-businesses-achieve-their-sustainability-goals/index.html]
[compology.com/blog/fortune-500-grainger-features-waste-metering-impact-in-2021-esg-report/index.html]
[compology.com/blog/live-on-cnn-why-mcdonalds-restaurants-are-putting-cameras-in-their-dumpsters/index.html]
[compology.com/blog/buzz-buzz-contamination-has-been-identified-in-your-refuse-dumpster/index.html]
[compology.com/blog/page/3/index.html]
[compology.com/wp-json/wp/v2/categories/1497.json]
[compology.com/blog/page/5/index.html]
[compology.com/feed/index.html]
[compology.com/blog/press/press-releases/index.html]
[compology.com/blog/press/press-releases/page/2/index.html]
[compology.com/blog/page/1/index.html]
[compology.com/blog/waste-industry/page/3/index.html]
[compology.com/blog/waste-industry/page/2/index.html]
[compology.com/wp-json/wp/v2/press/71592.json]
[compology.com/wp-json/oembed/1.0/embedc204.json]
[compology.com/press/jason-gates-ceo-and-cofounder-of-compology-briefs-congressional-recycling-caucus/index.html]
[compology.com/wp-json/oembed/1.0/embed4e18]
[compology.com/wp-json/wp/v2/press/71586.json]
[compology.com/wp-json/oembed/1.0/embed0f25.json]
[compology.com/press/zters-and-latipac-leverage-compology-to-bring-sustainable-waste-management-to-texas/index.html]
[compology.com/wp-json/oembed/1.0/embed7fb7]
[compology.com/wp-json/wp/v2/press/71590.json]
[compology.com/wp-json/oembed/1.0/embed0132.json]
[compology.com/press/compologys-reza-kashani-makes-waste360s-40-under-40-list/index.html]
[compology.com/wp-json/oembed/1.0/embede68e]
[compology.com/wp-json/wp/v2/press/71331.json]
[compology.com/wp-json/oembed/1.0/embeda3fc.json]
[compology.com/press/goldman-sachs-names-jason-gates-to-its-list-of-100-most-intriguing-entrepreneurs/index.html]
[compology.com/wp-json/oembed/1.0/embedfac5]
[compology.com/wp-json/wp/v2/press/71324.json]
[compology.com/wp-json/oembed/1.0/embed6384.json]
[compology.com/press/city-of-miami-partners-with-compology-to-become-first-us-city-to-meter-waste/index.html]
[compology.com/press/press-releases/page/2/index.html]
[compology.com/blog/press/articles/index.html]
[compology.com/blog/press/articles/page/2/index.html]
[compology.com/press/articles/page/2/index.html]
[compology.com/press/articles/page/3/index.html]
[compology.com/press/articles/page/8/index.html]
[compology.com/press/videos/page/2/index.html]
[compology.com/wp-json/oembed/1.0/embed131a]
[compology.com/wp-json/wp/v2/press/71060.json]
[compology.com/wp-json/oembed/1.0/embedd6ed.json]
[compology.com/press/rehabilitating-recycling-and-waste-management/index.html]
[compology.com/press/dumpsters-to-dollars-how-to-power-efficiency-and-sustainability-through-visibility/index.html]
[compology.com/wp-content/uploads/2018/06/BootstrappedEp35JasonGates.html]
[compology.com/press/waste-monitoring-and-reduction/index.html]
[compology.com/press/page/1/index.html]
[compology.com/press/page/4/index.html]
[compology.com/wp-json/oembed/1.0/embed3f9e]
[compology.com/press/former-epa-administrator-carol-browner-named-adviser-to-compology/index.html]
[compology.com/wp-json/wp/v2/press/71094.json]
[compology.com/press/page/6/index.html]
[compology.com/wp-json/oembed/1.0/embed5bd6.json]
[compology.com/press/compology-named-to-b-corp-labs-best-for-the-world-list/index.html]
[compology.com/wp-json/oembed/1.0/embed670a]
[compology.com/wp-json/wp/v2/press/70999.json]
[compology.com/wp-json/oembed/1.0/embed5137.json]
[compology.com/press/compology-announces-b-corp-certification/index.html]
[compology.com/press/page/5/index.html]
[compology.com/wp-json/oembed/1.0/embedae89]
[compology.com/press/page/10/index.html]
[compology.com/press/welcome-to-the-million-dollar-club-compologys-waste-meteringtm-delivers-more-than-1-million-in-savings-to-waste-consultant-new-market-waste/index.html]
[compology.com/press/page/11/index.html]
[compology.com/blog/do-you-know-how-full-your-truck-trailers-are-introducing-volumetric-camera-sensors/index.html]
[compology.com/blog/what-covid-19-means-for-zters-automated-rightsizing-cost-savings-for-commercial-clients/index.html]
[compology.com/blog/podcast-artificial-intelligence-and-the-war-on-contamination/index.html]
[compology.com/blog/podcast-building-tech-for-impact/index.html]
[compology.com/blog/11-contaminants-in-your-recycling-stream-you-can-now-track-remotely/index.html]
[compology.com/blog/contamination-id-expansion/index.html]
[compology.com/blog/nothingwasted-podcast/index.html]
[compology.com/blog/artificial-intelligence-applied-to-scrap-recycling/index.html]
[compology.com/blog/tackling-domestic-organics-recycling-part-3/index.html]
[compology.com/blog/tackling-domestic-organics-recycling-part-2/index.html]
[compology.com/blog/big-data/page/2/index.html]
[compology.com/blog/remote-monitoring/page/2/index.html]
[compology.com/blog/remote-monitoring/page/3/index.html]
[compology.com/blog/remote-monitoring/page/4/index.html]
[compology.com/press/page/7/index.html]
[compology.com/blog/its-time-to-redefine-customer-service-in-waste-recycling/index.html]
[compology.com/blog/software-integrations/index.html]
[compology.com/press/page/8/index.html]
[compology.com/blog/how-cloud-computing-makes-your-business-stronger/index.html]
[compology.com/blog/data-into-dollars/index.html]
[compology.com/press/page/9/index.html]
[compology.com/blog/what-goes-around-comes-around-11-recycling-trends-to-watch/index.html]
[compology.com/blog/help-were-drowning-in-recycling-cue-the-internet-of-trash/index.html]
[compology.com/blog/how-iot-sensors-can-improve-waste-and-recycling-franchise-systems/index.html]
[compology.com/blog/path-to-zero-waste/index.html]
[compology.com/blog/sustainability/page/2/index.html]
[compology.com/blog/ask-expert-mrf-contamination-egosi/index.html]
[compology.com/blog/recycling-and-contamination/page/2/index.html]
[compology.com/blog/recycling-and-contamination/page/3/index.html]
[compology.com/blog/compologys-next-chapter/index.html]
[compology.com/blog/quality-is-king-the-evolving-economy-of-recycling/index.html]
[compology.com/blog/waste-industry/page/2/index.html]
[compology.com/blog/waste-industry/page/3/index.html]
[compology.com/blog/page/4/index.html]
[compology.com/blog/standardizing-contamination-measurement/index.html]
[compology.com/blog/stopwaste-pressrelease/index.html]
[compology.com/blog/tackling-domestic-organics-recycling/index.html]
[compology.com/blog/page/1/index.html]
[compology.com/blog/fullness-monitoring-for-waste/index.html]
[compology.com/blog/5-ways-to-manager-your-waste-container-inventory/index.html]
[compology.com/blog/how-sensors-will-succeed-in-the-waste-industry/index.html]
[compology.com/press/compology-announces-clean-and-green-city-grants-initiative/index.html]
[compology.com/wp-content/uploads/2021/04/image-17-2.png]
[compology.com/wp-json/wp/v2/press/70788.json]
[compology.com/wp-json/oembed/1.0/embed02be.json]
[compology.com/press/former-epa-administrator-carol-browner-named-adviser-to-compology/index.html]
[compology.com/press/page/6/index.html]
[compology.com/wp-json/oembed/1.0/embed9735]
[compology.com/wp-json/wp/v2/press/70586.json]
[compology.com/wp-json/oembed/1.0/embed6977.json]
[compology.com/wp-json/oembed/1.0/embed6738]
[compology.com/wp-content/uploads/2020/04/Customer_Stories_New_Market_Waste_1_5120x2880-1920x1080.png]
[compology.com/wp-content/uploads/2020/11/CompologyADT_CCCC9678-1620x1080.jpg]
[compology.com/wp-content/uploads/2020/11/CompologyADT_CCCC8919-scaled.jpg]
[compology.com/wp-content/uploads/2020/11/CompologyADT_CCCC9575-scaled.jpg]
[compology.com/press/welcome-to-the-million-dollar-club-compologys-waste-meteringtm-delivers-more-than-1-million-in-savings-to-waste-consultant-new-market-waste/index.html]
[compology.com/press/compology-brings-ai-powered-waste-meteringtm-to-the-multifamily-housing-market-with-realpage/index.html]
[compology.com/press/page/7/index.html]
[compology.com/press/page/8/index.html]
[compology.com/press/page/9/index.html]
[compology.com/blog/technology-and-trash/index.html]
[compology.com/blog/smarter-waste-for-the-smart-city/index.html]
[compology.com/blog/big-data/page/1/index.html]
[compology.com/blog/remote-monitoring/page/1/index.html]
[compology.com/blog/contamination-reduction-tech-report/index.html]
[compology.com/blog/contamination-identification-tech-report/index.html]
[compology.com/blog/compology-at-wastecon/index.html]
[compology.com/blog/indisputable-service-verification-for-waste-has-arrived/index.html]
[compology.com/blog/sustainability/page/1/index.html]
[compology.com/blog/recycling-and-contamination/page/1/index.html]
[compology.com/blog/waste-industry/page/1/index.html]
[compology.com/wp-content/uploads/2018/06/U-Blox-Magazine-Article.html]
